==> ./tests/headr/inputs/empty.txt <==

==> ./tests/headr/inputs/one.txt <==
Ã–ne line, four words.

==> ./tests/headr/inputs/two.txt <==
Two lines.
Four words.

==> ./tests/headr/inputs/three.txt <==
Three
lines,

==> ./tests/headr/inputs/twelve.txt <==
one
two
