==> ./tests/headr/inputs/empty.txt <==

==> ./tests/headr/inputs/one.txt <==
Ã–ne
==> ./tests/headr/inputs/two.txt <==
Two 
==> ./tests/headr/inputs/three.txt <==
Thre
==> ./tests/headr/inputs/twelve.txt <==
one
