==> ./tests/headr/inputs/empty.txt <==

==> ./tests/headr/inputs/one.txt <==
Ã
==> ./tests/headr/inputs/two.txt <==
T
==> ./tests/headr/inputs/three.txt <==
T
==> ./tests/headr/inputs/twelve.txt <==
o