==> ./tests/headr/inputs/empty.txt <==

==> ./tests/headr/inputs/one.txt <==
Ã–
==> ./tests/headr/inputs/two.txt <==
Tw
==> ./tests/headr/inputs/three.txt <==
Th
==> ./tests/headr/inputs/twelve.txt <==
on