       0 tests/wcr/inputs/empty.txt
       1 tests/wcr/inputs/fox.txt
       4 tests/wcr/inputs/atlamal.txt
       5 total
