       0 tests/wcr/inputs/empty.txt
      48 tests/wcr/inputs/fox.txt
     159 tests/wcr/inputs/atlamal.txt
     207 total
