       0 tests/wcr/inputs/empty.txt
       9 tests/wcr/inputs/fox.txt
      29 tests/wcr/inputs/atlamal.txt
      38 total
