       0 tests/wcr/inputs/empty.txt
      48 tests/wcr/inputs/fox.txt
     177 tests/wcr/inputs/atlamal.txt
     225 total
