       0       0       0 tests/wcr/inputs/empty.txt
       1       9      48 tests/wcr/inputs/fox.txt
       4      29     177 tests/wcr/inputs/atlamal.txt
       5      38     225 total
