       0       0 tests/wcr/inputs/empty.txt
       9      48 tests/wcr/inputs/fox.txt
      29     177 tests/wcr/inputs/atlamal.txt
      38     225 total
