       0       0 tests/wcr/inputs/empty.txt
       1      48 tests/wcr/inputs/fox.txt
       4     177 tests/wcr/inputs/atlamal.txt
       5     225 total
