       0       0       0 tests/wcr/inputs/empty.txt
