       1       9      48 tests/wcr/inputs/fox.txt
